im_test (unittest.loader._FailedTest) ... ERROR
io_test (unittest.loader._FailedTest) ... ERROR
process_test (unittest.loader._FailedTest) ... ERROR
spectrum_test (unittest.loader._FailedTest) ... ERROR

======================================================================
ERROR: im_test (unittest.loader._FailedTest)
----------------------------------------------------------------------
ImportError: Failed to import test module: im_test
Traceback (most recent call last):
  File "C:\Users\RichardoGu\AppData\Roaming\uv\python\cpython-3.10-windows-x86_64-none\lib\unittest\loader.py", line 436, in _find_test_path
    module = self._get_module_from_name(name)
  File "C:\Users\RichardoGu\AppData\Roaming\uv\python\cpython-3.10-windows-x86_64-none\lib\unittest\loader.py", line 377, in _get_module_from_name
    __import__(name)
  File "E:\ground-motion-tools\test\im_test.py", line 6, in <module>
    from ground_motion_tools.enums import GMIMEnum
ModuleNotFoundError: No module named 'ground_motion_tools'


======================================================================
ERROR: io_test (unittest.loader._FailedTest)
----------------------------------------------------------------------
ImportError: Failed to import test module: io_test
Traceback (most recent call last):
  File "C:\Users\RichardoGu\AppData\Roaming\uv\python\cpython-3.10-windows-x86_64-none\lib\unittest\loader.py", line 436, in _find_test_path
    module = self._get_module_from_name(name)
  File "C:\Users\RichardoGu\AppData\Roaming\uv\python\cpython-3.10-windows-x86_64-none\lib\unittest\loader.py", line 377, in _get_module_from_name
    __import__(name)
  File "E:\ground-motion-tools\test\io_test.py", line 6, in <module>
    from ground_motion_tools import (
ModuleNotFoundError: No module named 'ground_motion_tools'


======================================================================
ERROR: process_test (unittest.loader._FailedTest)
----------------------------------------------------------------------
ImportError: Failed to import test module: process_test
Traceback (most recent call last):
  File "C:\Users\RichardoGu\AppData\Roaming\uv\python\cpython-3.10-windows-x86_64-none\lib\unittest\loader.py", line 436, in _find_test_path
    module = self._get_module_from_name(name)
  File "C:\Users\RichardoGu\AppData\Roaming\uv\python\cpython-3.10-windows-x86_64-none\lib\unittest\loader.py", line 377, in _get_module_from_name
    __import__(name)
  File "E:\ground-motion-tools\test\process_test.py", line 6, in <module>
    from ground_motion_tools import read_from_kik
ModuleNotFoundError: No module named 'ground_motion_tools'


======================================================================
ERROR: spectrum_test (unittest.loader._FailedTest)
----------------------------------------------------------------------
ImportError: Failed to import test module: spectrum_test
Traceback (most recent call last):
  File "C:\Users\RichardoGu\AppData\Roaming\uv\python\cpython-3.10-windows-x86_64-none\lib\unittest\loader.py", line 436, in _find_test_path
    module = self._get_module_from_name(name)
  File "C:\Users\RichardoGu\AppData\Roaming\uv\python\cpython-3.10-windows-x86_64-none\lib\unittest\loader.py", line 377, in _get_module_from_name
    __import__(name)
  File "E:\ground-motion-tools\test\spectrum_test.py", line 8, in <module>
    from ground_motion_tools import read_from_kik
ModuleNotFoundError: No module named 'ground_motion_tools'


----------------------------------------------------------------------
Ran 4 tests in 0.000s

FAILED (errors=4)
